[backblue.gif]
[fade.gif]
[index.html]
[universum-projekt.hr/wp-json/oembed/1.0/embedff90.json]
[universum-projekt.hr/wp-json/oembed/1.0/embedefbe]
[universum-projekt.hr/wp-includes/js/jquery/jquery.minf43b.js]
[universum-projekt.hr/wp-includes/js/jquery/jquery-migrate.min5589.js]
[universum-projekt.hr/wp-content/themes/gactur/assets/js/modernizr4d80.js]
[universum-projekt.hr/wp-json/index.html]
[universum-projekt.hr/wp-json/wp/v2/pages/3706.json]
[universum-projekt.hr/xmlrpc0db0.php]
[universum-projekt.hr/wp-content/uploads/2025/05/cropped-Logo-Universum-Projekt-32x32.png]
[universum-projekt.hr/wp-content/uploads/2025/05/cropped-Logo-Universum-Projekt-192x192.png]
[universum-projekt.hr/wp-content/uploads/2025/05/cropped-Logo-Universum-Projekt-180x180.png]
[universum-projekt.hr/wp-content/uploads/2025/10/geodezija.png]
[universum-projekt.hr/wp-content/uploads/2025/12/arhitektura.png]
[universum-projekt.hr/wp-content/plugins/element-camp-pro/elementor/elements/assets/js/tcg-depends/container.js]
[universum-projekt.hr/wp-content/plugins/element-camp-pro/assets/js/scripts5bf8.js]
[universum-projekt.hr/wp-content/plugins/element-camp-pro/assets/js/social-share5bf8.js]
[universum-projekt.hr/wp-content/plugins/element-camp-pro/assets/js/gsap.min4d80.js]
[universum-projekt.hr/wp-content/plugins/element-camp-pro/assets/js/ScrollTrigger.min4d80.js]
[universum-projekt.hr/wp-content/plugins/element-camp-pro/assets/js/ScrollToPlugin.min4d80.js]
[universum-projekt.hr/wp-content/plugins/element-camp-pro/assets/js/ScrollSmoother.min4d80.js]
[universum-projekt.hr/wp-content/plugins/element-camp-pro/assets/js/SplitText.min4d80.js]
[universum-projekt.hr/wp-content/plugins/element-camp-pro/assets/js/app-animation4d80.js]
[universum-projekt.hr/wp-content/plugins/element-camp-pro/assets/js/sticky-kit.min4d80.js]
[universum-projekt.hr/wp-content/plugins/element-camp-pro/assets/js/sticky4d80.js]
[universum-projekt.hr/wp-content/themes/gactur/assets/js/bootstrap.min4d80.js]
[universum-projekt.hr/wp-includes/js/jquery/ui/effect.minb37e.js]
[universum-projekt.hr/wp-content/themes/gactur/assets/js/superfish4d80.js]
[universum-projekt.hr/wp-content/themes/gactur/assets/js/pace.min4d80.js]
[universum-projekt.hr/wp-content/themes/gactur/assets/js/jquery.fitvids4d80.js]
[universum-projekt.hr/wp-content/themes/gactur/assets/js/jquery.magnific-popup.min4d80.js]
[universum-projekt.hr/wp-content/themes/gactur/assets/js/jquery.sticky4d80.js]
[universum-projekt.hr/wp-includes/js/imagesloaded.minbb93.js]
[universum-projekt.hr/wp-content/themes/gactur/assets/js/slick.min4d80.js]
[universum-projekt.hr/wp-content/themes/gactur/assets/js/slick-animation4d80.js]
[universum-projekt.hr/wp-content/themes/gactur/assets/js/ResizeSensor.min4d80.js]
[universum-projekt.hr/wp-content/themes/gactur/assets/js/theia-sticky-sidebar.min4d80.js]
[universum-projekt.hr/wp-content/themes/gactur/assets/js/svgembedder.min4d80.js]
[universum-projekt.hr/wp-content/themes/gactur/assets/js/totop4d80.js]
[universum-projekt.hr/wp-content/themes/gactur/assets/js/animated.headline4d80.js]
[universum-projekt.hr/wp-content/themes/gactur/assets/js/splitting.min4d80.js]
[universum-projekt.hr/wp-content/themes/gactur/assets/js/isotope.pkgd.min4d80.js]
[universum-projekt.hr/wp-content/plugins/elementor/assets/lib/swiper/v8/swiper.min94a4.js]
[universum-projekt.hr/wp-content/themes/gactur/assets/js/simpleParallax.min4d80.js]
[universum-projekt.hr/wp-content/themes/gactur/assets/js/waypoints.min4d80.js]
[universum-projekt.hr/wp-content/themes/gactur/assets/js/jquery.counterup.min4d80.js]
[universum-projekt.hr/wp-content/themes/gactur/assets/js/jquery.knob4d80.js]
[universum-projekt.hr/wp-content/themes/gactur/assets/js/wow.min4d80.js]
[universum-projekt.hr/wp-content/themes/gactur/assets/js/jquery.appear4d80.js]
[universum-projekt.hr/wp-content/themes/gactur/assets/js/scripts4d80.js]
[universum-projekt.hr/wp-content/plugins/elementor/assets/js/webpack.runtime.min9287.js]
[universum-projekt.hr/wp-content/plugins/elementor/assets/js/frontend-modules.min9287.js]
[universum-projekt.hr/wp-includes/js/jquery/ui/core.minb37e.js]
[universum-projekt.hr/wp-content/plugins/elementor/assets/js/frontend.min9287.js]
[universum-projekt.hr/wp-content/plugins/elementor-pro/assets/js/webpack-pro.runtime.min20c8.js]
[universum-projekt.hr/wp-includes/js/dist/hooks.minaf5f.js]
[universum-projekt.hr/wp-includes/js/dist/i18n.min1cde.js]
[universum-projekt.hr/wp-content/plugins/elementor-pro/assets/js/frontend.min20c8.js]
[universum-projekt.hr/wp-content/plugins/elementor-pro/assets/js/elements-handlers.min20c8.js]
[universum-projekt.hr/wp-content/plugins/element-camp-pro/elementor/elements/assets/js/global-front/isotope.pkgd.min.js]
[universum-projekt.hr/wp-content/plugins/element-camp-pro/assets/js/parallaxie68b3.js]
[universum-projekt.hr/wp-content/plugins/element-camp/elementor/elements/assets/js/global/elements-script.js]
[universum-projekt.hr/index.html]
[universum-projekt.hr/wp-content/themes/gactur/assets/css/bootstrap.min68b3.css]
[universum-projekt.hr/wp-content/themes/gactur/style4d80.css]
[universum-projekt.hr/wp-content/themes/gactur-child/style4d80.css]
[universum-projekt.hr/wp-content/plugins/element-camp-pro/options-core/assets/css/extendify-utilitiesda94.css]
[universum-projekt.hr/wp-content/plugins/element-camp-pro/assets/fonts/linea/arrows/webfonts/linea-arrows-10.eot]
[universum-projekt.hr/wp-content/plugins/element-camp-pro/assets/fonts/linea/arrows/webfonts/linea-arrows-10d41d.eot]
[universum-projekt.hr/wp-content/plugins/element-camp-pro/assets/fonts/linea/arrows/webfonts/linea-arrows-10.woff]
[universum-projekt.hr/wp-content/plugins/element-camp-pro/assets/fonts/linea/arrows/webfonts/linea-arrows-10.ttf]
[universum-projekt.hr/wp-content/plugins/element-camp-pro/assets/fonts/linea/arrows/css/style4d80.css]
[universum-projekt.hr/wp-content/plugins/element-camp-pro/assets/fonts/linea/basic/webfonts/linea-basic-10.eot]
[universum-projekt.hr/wp-content/plugins/element-camp-pro/assets/fonts/linea/basic/webfonts/linea-basic-10d41d.eot]
[universum-projekt.hr/wp-content/plugins/element-camp-pro/assets/fonts/linea/basic/webfonts/linea-basic-10.woff]
[universum-projekt.hr/wp-content/plugins/element-camp-pro/assets/fonts/linea/basic/webfonts/linea-basic-10.ttf]
[universum-projekt.hr/wp-content/plugins/element-camp-pro/assets/fonts/linea/basic/css/style4d80.css]
[universum-projekt.hr/wp-content/plugins/element-camp-pro/assets/fonts/linea/basic_ela/webfonts/linea-basic-elaboration-10.eot]
[universum-projekt.hr/wp-content/plugins/element-camp-pro/assets/fonts/linea/basic_ela/webfonts/linea-basic-elaboration-10d41d.eot]
[universum-projekt.hr/wp-content/plugins/element-camp-pro/assets/fonts/linea/basic_ela/webfonts/linea-basic-elaboration-10.woff]
[universum-projekt.hr/wp-content/plugins/element-camp-pro/assets/fonts/linea/basic_ela/webfonts/linea-basic-elaboration-10.ttf]
[universum-projekt.hr/wp-content/plugins/element-camp-pro/assets/fonts/linea/basic_ela/css/style4d80.css]
[universum-projekt.hr/wp-content/plugins/element-camp-pro/assets/fonts/linea/software/webfonts/linea-software-10.eot]
[universum-projekt.hr/wp-content/plugins/element-camp-pro/assets/fonts/linea/software/webfonts/linea-software-10d41d.eot]
[universum-projekt.hr/wp-content/plugins/element-camp-pro/assets/fonts/linea/software/webfonts/linea-software-10.woff]
[universum-projekt.hr/wp-content/plugins/element-camp-pro/assets/fonts/linea/software/webfonts/linea-software-10.ttf]
[universum-projekt.hr/wp-content/plugins/element-camp-pro/assets/fonts/linea/software/css/style4d80.css]
[universum-projekt.hr/wp-content/plugins/element-camp-pro/assets/fonts/linea/weather/webfonts/linea-weather-10.eot]
[universum-projekt.hr/wp-content/plugins/element-camp-pro/assets/fonts/linea/weather/webfonts/linea-weather-10d41d.eot]
[universum-projekt.hr/wp-content/plugins/element-camp-pro/assets/fonts/linea/weather/webfonts/linea-weather-10.woff]
[universum-projekt.hr/wp-content/plugins/element-camp-pro/assets/fonts/linea/weather/webfonts/linea-weather-10.ttf]
[universum-projekt.hr/wp-content/plugins/element-camp-pro/assets/fonts/linea/weather/css/style4d80.css]
[universum-projekt.hr/wp-content/plugins/element-camp-pro/assets/css/style.min4d80.css]
[universum-projekt.hr/wp-content/plugins/elementor/assets/lib/font-awesome/fonts/fontawesome-webfont3e6e.eot]
[universum-projekt.hr/wp-content/plugins/elementor/assets/lib/font-awesome/fonts/fontawesome-webfontd41d.eot]
[universum-projekt.hr/wp-content/plugins/elementor/assets/lib/font-awesome/fonts/fontawesome-webfont3e6e.woff2]
[universum-projekt.hr/wp-content/plugins/elementor/assets/lib/font-awesome/fonts/fontawesome-webfont3e6e.woff]
[universum-projekt.hr/wp-content/plugins/elementor/assets/lib/font-awesome/fonts/fontawesome-webfont3e6e.ttf]
[universum-projekt.hr/wp-content/plugins/elementor/assets/lib/font-awesome/css/font-awesome.min1849.css]
[universum-projekt.hr/wp-content/themes/gactur/assets/fonts/fa-brands-400.woff2]
[universum-projekt.hr/wp-content/themes/gactur/assets/fonts/fa-brands-400.ttf]
[universum-projekt.hr/wp-content/themes/gactur/assets/fonts/fa-regular-400.woff2]
[universum-projekt.hr/wp-content/themes/gactur/assets/fonts/fa-regular-400.ttf]
[universum-projekt.hr/wp-content/themes/gactur/assets/fonts/fa-solid-900.woff2]
[universum-projekt.hr/wp-content/themes/gactur/assets/fonts/fa-solid-900.ttf]
[universum-projekt.hr/wp-content/themes/gactur/assets/fonts/fa-v4compatibility.woff2]
[universum-projekt.hr/wp-content/themes/gactur/assets/css/fontawesome.min68b3.css]
[universum-projekt.hr/wp-content/themes/gactur/assets/fonts/fa-v4compatibility.ttf]
[universum-projekt.hr/wp-content/themes/gactur/assets/css/icon-font.min68b3.css]
[universum-projekt.hr/wp-content/themes/gactur/assets/fonts/ionicons/ionicons28b5.eot]
[universum-projekt.hr/wp-content/themes/gactur/assets/fonts/ionicons/ionicons28b5.ttf]
[universum-projekt.hr/wp-content/themes/gactur/assets/fonts/ionicons/ionicons28b5.woff]
[universum-projekt.hr/wp-content/themes/gactur/assets/css/ionicons.min68b3.css]
[universum-projekt.hr/wp-content/themes/gactur/assets/fonts/bootstrap-icons/fonts/bootstrap-icons44df.woff2]
[universum-projekt.hr/wp-content/themes/gactur/assets/fonts/bootstrap-icons/bootstrap-icons68b3.css]
[universum-projekt.hr/wp-content/themes/gactur/assets/fonts/bootstrap-icons/fonts/bootstrap-icons44df.woff]
[universum-projekt.hr/wp-content/themes/gactur/assets/css/magnific-popup68b3.css]
[universum-projekt.hr/wp-content/themes/gactur/assets/css/animate68b3.css]
[universum-projekt.hr/wp-content/themes/gactur/assets/css/magic68b3.css]
[universum-projekt.hr/wp-content/themes/gactur/assets/css/slick68b3.css]
[universum-projekt.hr/wp-content/themes/gactur/assets/css/jquery.fatNav68b3.css]
[universum-projekt.hr/wp-content/themes/gactur/assets/css/animate.headline68b3.css]
[universum-projekt.hr/wp-content/plugins/elementor/assets/lib/swiper/v8/css/swiper.min94a4.css]
[universum-projekt.hr/wp-content/themes/gactur/assets/css/splitting68b3.css]
[universum-projekt.hr/wp-content/themes/gactur/assets/css/splitting-cells68b3.css]
[universum-projekt.hr/wp-content/themes/gactur/assets/css/style.minf269.css]
[universum-projekt.hr/wp-content/plugins/elementor/assets/css/frontend.min9287.css]
[universum-projekt.hr/wp-content/uploads/elementor/css/post-34952ac8.css]
[universum-projekt.hr/wp-content/plugins/element-camp-pro/assets/fonts/flaticon/Flaticon.eot]
[universum-projekt.hr/wp-content/plugins/element-camp-pro/assets/fonts/flaticon/Flaticond41d.eot]
[universum-projekt.hr/wp-content/plugins/element-camp-pro/assets/fonts/flaticon/Flaticon.woff2]
[universum-projekt.hr/wp-content/plugins/element-camp-pro/assets/fonts/flaticon/Flaticon.woff]
[universum-projekt.hr/wp-content/plugins/element-camp-pro/assets/fonts/flaticon/Flaticon.ttf]
[universum-projekt.hr/wp-content/plugins/element-camp-pro/assets/fonts/flaticon/flaticon.css]
[universum-projekt.hr/wp-content/plugins/element-camp-pro/assets/fonts/peicon/Pe-icon-7-strokebb1d.eot]
[universum-projekt.hr/wp-content/plugins/element-camp-pro/assets/fonts/peicon/Pe-icon-7-stroked41d.eot]
[universum-projekt.hr/wp-content/plugins/element-camp-pro/assets/fonts/peicon/Pe-icon-7-strokebb1d.woff]
[universum-projekt.hr/wp-content/plugins/element-camp-pro/assets/fonts/peicon/Pe-icon-7-strokebb1d.ttf]
[universum-projekt.hr/wp-content/plugins/element-camp-pro/assets/fonts/peicon/pe-icon-7-stroke.css]
[universum-projekt.hr/wp-content/plugins/element-camp-pro/assets/fonts/fa/webfonts/fa-brands-400.eot]
[universum-projekt.hr/wp-content/plugins/element-camp-pro/assets/fonts/fa/webfonts/fa-brands-400d41d.eot]
[universum-projekt.hr/wp-content/plugins/element-camp-pro/assets/fonts/fa/webfonts/fa-brands-400.woff2]
[universum-projekt.hr/wp-content/plugins/element-camp-pro/assets/fonts/fa/webfonts/fa-brands-400.woff]
[universum-projekt.hr/wp-content/plugins/element-camp-pro/assets/fonts/fa/webfonts/fa-brands-400.ttf]
[universum-projekt.hr/wp-content/plugins/element-camp-pro/assets/fonts/fa/webfonts/fa-duotone-900.eot]
[universum-projekt.hr/wp-content/plugins/element-camp-pro/assets/fonts/fa/webfonts/fa-duotone-900d41d.eot]
[universum-projekt.hr/wp-content/plugins/element-camp-pro/assets/fonts/fa/webfonts/fa-duotone-900.woff2]
[universum-projekt.hr/wp-content/plugins/element-camp-pro/assets/fonts/fa/webfonts/fa-duotone-900.woff]
[universum-projekt.hr/wp-content/plugins/element-camp-pro/assets/fonts/fa/webfonts/fa-duotone-900.ttf]
[universum-projekt.hr/wp-content/plugins/element-camp-pro/assets/fonts/fa/webfonts/fa-light-300.eot]
[universum-projekt.hr/wp-content/plugins/element-camp-pro/assets/fonts/fa/webfonts/fa-light-300d41d.eot]
[universum-projekt.hr/wp-content/plugins/element-camp-pro/assets/fonts/fa/webfonts/fa-light-300.woff2]
[universum-projekt.hr/wp-content/plugins/element-camp-pro/assets/fonts/fa/webfonts/fa-light-300.woff]
[universum-projekt.hr/wp-content/plugins/element-camp-pro/assets/fonts/fa/webfonts/fa-light-300.ttf]
[universum-projekt.hr/wp-content/plugins/element-camp-pro/assets/fonts/fa/webfonts/fa-regular-400.eot]
[universum-projekt.hr/wp-content/plugins/element-camp-pro/assets/fonts/fa/webfonts/fa-regular-400d41d.eot]
[universum-projekt.hr/wp-content/plugins/element-camp-pro/assets/fonts/fa/webfonts/fa-regular-400.woff2]
[universum-projekt.hr/wp-content/plugins/element-camp-pro/assets/fonts/fa/webfonts/fa-regular-400.woff]
[universum-projekt.hr/wp-content/plugins/element-camp-pro/assets/fonts/fa/webfonts/fa-regular-400.ttf]
[universum-projekt.hr/wp-content/plugins/element-camp-pro/assets/fonts/fa/webfonts/fa-solid-900.eot]
[universum-projekt.hr/wp-content/plugins/element-camp-pro/assets/fonts/fa/webfonts/fa-solid-900d41d.eot]
[universum-projekt.hr/wp-content/plugins/element-camp-pro/assets/fonts/fa/webfonts/fa-solid-900.woff2]
[universum-projekt.hr/wp-content/plugins/element-camp-pro/assets/fonts/fa/webfonts/fa-solid-900.woff]
[universum-projekt.hr/wp-content/plugins/element-camp-pro/assets/fonts/fa/webfonts/fa-solid-900.ttf]
[universum-projekt.hr/wp-content/plugins/element-camp-pro/assets/fonts/fa/css/fontawesome.min.css]
[universum-projekt.hr/wp-content/plugins/element-camp-pro/elementor/elements/assets/css/style4d80.css]
[universum-projekt.hr/wp-content/plugins/element-camp/elementor/elements/assets/css/global/animations.css]
[universum-projekt.hr/wp-content/plugins/element-camp/elementor/elements/assets/css/global/laby.css]
[universum-projekt.hr/wp-content/plugins/element-camp/elementor/elements/assets/css/global/lity.css]
[universum-projekt.hr/wp-content/plugins/element-camp/elementor/elements/assets/css/global/swiper-gl.min.css]
[universum-projekt.hr/wp-content/plugins/element-camp/elementor/elements/assets/css/global/tce-badge.css]
[universum-projekt.hr/wp-content/plugins/element-camp/elementor/elements/assets/css/style.min8a54.css]
[universum-projekt.hr/wp-content/uploads/elementor/css/post-37062ac8.css]
[universum-projekt.hr/wp-content/uploads/elementor/google-fonts/fonts/roboto-kfo5cnqeu92fr1mu53zec9_vu3r1gihoszmkc3kawzu.woff2]
[universum-projekt.hr/wp-content/uploads/elementor/google-fonts/fonts/roboto-kfo5cnqeu92fr1mu53zec9_vu3r1gihoszmkankawzu.woff2]
[universum-projekt.hr/wp-content/uploads/elementor/google-fonts/fonts/roboto-kfo5cnqeu92fr1mu53zec9_vu3r1gihoszmkcnkawzu.woff2]
[universum-projekt.hr/wp-content/uploads/elementor/google-fonts/fonts/roboto-kfo5cnqeu92fr1mu53zec9_vu3r1gihoszmkbxkawzu.woff2]
[universum-projekt.hr/wp-content/uploads/elementor/google-fonts/fonts/roboto-kfo5cnqeu92fr1mu53zec9_vu3r1gihoszmkenkawzu.woff2]
[universum-projekt.hr/wp-content/uploads/elementor/google-fonts/fonts/roboto-kfo5cnqeu92fr1mu53zec9_vu3r1gihoszmkahkawzu.woff2]
[universum-projekt.hr/wp-content/uploads/elementor/google-fonts/fonts/roboto-kfo5cnqeu92fr1mu53zec9_vu3r1gihoszmkcxkawzu.woff2]
[universum-projekt.hr/wp-content/uploads/elementor/google-fonts/fonts/roboto-kfo5cnqeu92fr1mu53zec9_vu3r1gihoszmkchkawzu.woff2]
[universum-projekt.hr/wp-content/uploads/elementor/google-fonts/fonts/roboto-kfo5cnqeu92fr1mu53zec9_vu3r1gihoszmkbnka.woff2]
[universum-projekt.hr/wp-content/uploads/elementor/google-fonts/fonts/roboto-kfo7cnqeu92fr1me7ksn66agldtyluama3gubgee.woff2]
[universum-projekt.hr/wp-content/uploads/elementor/google-fonts/fonts/roboto-kfo7cnqeu92fr1me7ksn66agldtyluama3iubgee.woff2]
[universum-projekt.hr/wp-content/uploads/elementor/google-fonts/fonts/roboto-kfo7cnqeu92fr1me7ksn66agldtyluama3cubgee.woff2]
[universum-projekt.hr/wp-content/uploads/elementor/google-fonts/fonts/roboto-kfo7cnqeu92fr1me7ksn66agldtyluama3-ubgee.woff2]
[universum-projekt.hr/wp-content/uploads/elementor/google-fonts/fonts/roboto-kfo7cnqeu92fr1me7ksn66agldtyluamawcubgee.woff2]
[universum-projekt.hr/wp-content/uploads/elementor/google-fonts/fonts/roboto-kfo7cnqeu92fr1me7ksn66agldtyluamaxkubgee.woff2]
[universum-projekt.hr/wp-content/uploads/elementor/google-fonts/fonts/roboto-kfo7cnqeu92fr1me7ksn66agldtyluama3oubgee.woff2]
[universum-projekt.hr/wp-content/uploads/elementor/google-fonts/fonts/roboto-kfo7cnqeu92fr1me7ksn66agldtyluama3kubgee.woff2]
[universum-projekt.hr/wp-content/uploads/elementor/google-fonts/fonts/roboto-kfo7cnqeu92fr1me7ksn66agldtyluama3yuba.woff2]
[universum-projekt.hr/wp-content/uploads/elementor/google-fonts/css/roboto17b3.css]
[universum-projekt.hr/wp-content/uploads/elementor/google-fonts/fonts/robotoslab-bngmuxzytxpivibgjjsb6ufa5qw54a.woff2]
[universum-projekt.hr/wp-content/uploads/elementor/google-fonts/fonts/robotoslab-bngmuxzytxpivibgjjsb6ufj5qw54a.woff2]
[universum-projekt.hr/wp-content/uploads/elementor/google-fonts/fonts/robotoslab-bngmuxzytxpivibgjjsb6ufb5qw54a.woff2]
[universum-projekt.hr/wp-content/uploads/elementor/google-fonts/fonts/robotoslab-bngmuxzytxpivibgjjsb6ufo5qw54a.woff2]
[universum-projekt.hr/wp-content/uploads/elementor/google-fonts/fonts/robotoslab-bngmuxzytxpivibgjjsb6ufc5qw54a.woff2]
[universum-projekt.hr/wp-content/uploads/elementor/google-fonts/fonts/robotoslab-bngmuxzytxpivibgjjsb6ufd5qw54a.woff2]
[universum-projekt.hr/wp-content/uploads/elementor/google-fonts/fonts/robotoslab-bngmuxzytxpivibgjjsb6ufn5qu.woff2]
[universum-projekt.hr/wp-content/uploads/elementor/google-fonts/css/robotoslabf3f9.css]
[universum-projekt.hr/wp-content/uploads/elementor/css/post-5862ac8.css]
[universum-projekt.hr/wp-json/oembed/1.0/embed5c20.json]
[universum-projekt.hr/wp-json/oembed/1.0/embed42c8]
[universum-projekt.hr/wp-json/wp/v2/pages/3410.json]
[universum-projekt.hr/wp-content/uploads/2025/12/A1_92-Photo.jpg]
[universum-projekt.hr/wp-content/uploads/2025/12/A1_92-Photo-1024x576.jpg]
[universum-projekt.hr/wp-content/uploads/2025/12/WhatsApp-Image-2025-09-11-at-15.02.56_7f36ee13-1024x576.jpg]
[universum-projekt.hr/wp-content/uploads/2025/12/2-1024x576.jpg]
[universum-projekt.hr/wp-content/uploads/2025/12/3-1024x576.jpg]
[universum-projekt.hr/wp-content/plugins/element-camp/elementor/elements/assets/js/heading.js]
[universum-projekt.hr/wp-content/plugins/element-camp/elementor/elements/assets/js/split-text.js]
[universum-projekt.hr/wp-content/plugins/element-camp/elementor/elements/assets/js/scroll-end.js]
[universum-projekt.hr/wp-content/plugins/element-camp/elementor/elements/assets/js/scroll-fill-text.js]
[universum-projekt.hr/wp-content/plugins/element-camp/elementor/elements/assets/js/letters-line.js]
[universum-projekt.hr/wp-content/plugins/element-camp/elementor/elements/assets/js/fade-text.js]
[universum-projekt.hr/wp-content/plugins/element-camp/elementor/elements/assets/js/funky-letters.js]
[universum-projekt.hr/wp-content/plugins/element-camp-pro/elementor/elements/assets/js/tcg-depends/contact-form.js]
[universum-projekt.hr/arhitektura/index.html]
[universum-projekt.hr/wp-content/plugins/element-camp/elementor/elements/assets/js/social-icons.js]
[universum-projekt.hr/wp-json/oembed/1.0/embede4a2.json]
[universum-projekt.hr/wp-json/oembed/1.0/embed15c5]
[universum-projekt.hr/wp-json/wp/v2/pages/3411.json]
[universum-projekt.hr/wp-content/uploads/2025/10/geodezija-1-1024x538.jpg]
[universum-projekt.hr/wp-content/uploads/2025/10/geodezij-2-1024x538.jpg]
[universum-projekt.hr/wp-content/uploads/2025/10/geodezija-3-1024x538.jpg]
[universum-projekt.hr/geodezija/index.html]
[universum-projekt.hr/wp-json/oembed/1.0/embed5857.json]
[universum-projekt.hr/wp-json/oembed/1.0/embed0008]
[universum-projekt.hr/wp-json/wp/v2/pages/3142.json]
[universum-projekt.hr/wp-content/uploads/2025/12/Film-studio-321.jpg]
[universum-projekt.hr/wp-content/uploads/2025/05/arhitektura.jpg]
[gactur.themescamp.com/inner-pages/wp-content/uploads/sites/7/2025/01/contact-dr-1.png]
[universum-projekt.hr/wp-content/plugins/element-camp-pro/elementor/elements/assets/js/tcg-depends/wow.min.js]
[universum-projekt.hr/wp-content/plugins/element-camp/elementor/elements/assets/js/image.js]
[universum-projekt.hr/wp-content/plugins/element-camp/elementor/elements/assets/js/image-parallax.js]
[universum-projekt.hr/wp-content/plugins/element-camp/elementor/elements/assets/js/float-cursor-animation.js]
[universum-projekt.hr/wp-content/plugins/element-camp/elementor/elements/assets/js/image-scroll-trigger.js]
[universum-projekt.hr/wp-content/plugins/element-camp/elementor/elements/assets/js/lib/simpleParallax.min.js]
[universum-projekt.hr/wp-content/plugins/element-camp/elementor/elements/assets/js/simple-parallax.js]
[universum-projekt.hr/wp-content/plugins/element-camp/elementor/elements/assets/js/button.js]
[universum-projekt.hr/wp-content/plugins/element-camp/elementor/elements/assets/js/lib/lity.js]
[universum-projekt.hr/o-nama/index.html]
[universum-projekt.hr/wp-json/oembed/1.0/embedfae2.json]
[universum-projekt.hr/wp-json/oembed/1.0/embed0374]
[universum-projekt.hr/wp-json/wp/v2/pages/1055.json]
[universum-projekt.hr/kontakt/index.html]
[universum-projekt.hr/wp-content/plugins/element-camp-pro/assets/fonts/linea/arrows/webfonts/linea-arrows-10.svg]
[universum-projekt.hr/wp-content/plugins/element-camp-pro/assets/fonts/linea/basic/webfonts/linea-basic-10.svg]
[universum-projekt.hr/wp-content/plugins/element-camp-pro/assets/fonts/linea/basic_ela/webfonts/linea-basic-elaboration-10.svg]
[universum-projekt.hr/wp-content/plugins/element-camp-pro/assets/fonts/linea/software/webfonts/linea-software-10.svg]
[universum-projekt.hr/wp-content/plugins/element-camp-pro/assets/fonts/linea/weather/webfonts/linea-weather-10.svg]
[universum-projekt.hr/wp-content/plugins/elementor/assets/lib/font-awesome/fonts/fontawesome-webfont3e6e.svg]
[universum-projekt.hr/wp-content/themes/gactur/assets/fonts/ionicons/ionicons28b5.html]
[universum-projekt.hr/wp-content/plugins/element-camp-pro/assets/fonts/flaticon/Flaticon.svg]
[universum-projekt.hr/wp-content/plugins/element-camp-pro/assets/fonts/peicon/Pe-icon-7-strokebb1d.svg]
[universum-projekt.hr/wp-content/plugins/element-camp-pro/assets/fonts/fa/webfonts/fa-brands-400.svg]
[universum-projekt.hr/wp-content/plugins/element-camp-pro/assets/fonts/fa/webfonts/fa-duotone-900.svg]
[universum-projekt.hr/wp-content/plugins/element-camp-pro/assets/fonts/fa/webfonts/fa-light-300.svg]
[universum-projekt.hr/wp-content/plugins/element-camp-pro/assets/fonts/fa/webfonts/fa-regular-400.svg]
[universum-projekt.hr/wp-content/plugins/element-camp-pro/assets/fonts/fa/webfonts/fa-solid-900.svg]
[universum-projekt.hr/wp-content/plugins/elementor/assets/lib/animations/styles/fadeInUp.min9287.css]
[universum-projekt.hr/wp-content/plugins/elementor/assets/css/widget-image.min9287.css]
[universum-projekt.hr/wp-content/plugins/elementor/assets/css/widget-heading.min9287.css]
[universum-projekt.hr/wp-content/uploads/elementor/css/post-34106bf2.css]
[universum-projekt.hr/wp-content/uploads/elementor/google-fonts/fonts/dmsans-rp2wp2ywxg089uriczasexd86j3t9jz86mvyykk58vxh.woff2]
[universum-projekt.hr/wp-content/uploads/elementor/google-fonts/fonts/dmsans-rp2wp2ywxg089uriczasexd86j3t9jz86mvyyky58q.woff2]
[universum-projekt.hr/wp-content/uploads/elementor/google-fonts/fonts/dmsans-rp2yp2ywxg089urii5-g4vlh9vod8cmcqbu6-k6h9q.woff2]
[universum-projekt.hr/wp-content/uploads/elementor/google-fonts/fonts/dmsans-rp2yp2ywxg089urii5-g4vlh9vod8cmcqbu0-k4.woff2]
[universum-projekt.hr/wp-content/uploads/elementor/google-fonts/css/dmsansb3e4.css]
[universum-projekt.hr/index12fa.html]
[universum-projekt.hr/wp-content/uploads/elementor/css/post-3447fb4a.css]
[universum-projekt.hr/wp-content/uploads/elementor/css/post-34114f0e.css]
[universum-projekt.hr/index3e8c.html]
[universum-projekt.hr/wp-content/plugins/elementor/assets/lib/animations/styles/zoomIn.min9287.css]
[universum-projekt.hr/wp-content/uploads/elementor/css/post-31428fcf.css]
[universum-projekt.hr/index908d.html]
[universum-projekt.hr/wp-content/uploads/2025/01/sr1.svg]
[universum-projekt.hr/wp-content/uploads/2025/01/sr3.svg]
[universum-projekt.hr/wp-content/plugins/elementor/assets/css/widget-google_maps.min9287.css]
[universum-projekt.hr/wp-content/uploads/elementor/css/post-10555dbb.css]
[universum-projekt.hr/indexb0e9.html]
[universum-projekt.hr/feed/index.html]
[universum-projekt.hr/comments/feed/index.html]
